// Jest Snapshot v1, https://goo.gl/fbAQLP

exports[`list compiles correctly 1`] = `
<div>
  <ul>
    <li>
      0
    </li>
    <li>
      1
    </li>
    <li>
      2
    </li>
    <li>
      3
    </li>
    <li>
      4
    </li>
    <li>
      5
    </li>
  </ul>
</div>
`;

exports[`snapshot test of app 1`] = `
<div
  className="App"
>
  <header
    className="App-header"
  >
    <img
      alt="logo"
      className="App-logo"
      src="logo.svg"
    />
    <p>
      Edit 
      <code>
        src/App.js
      </code>
       and save to reload.
    </p>
    <a
      className="App-link"
      href="https://reactjs.org"
      rel="noopener noreferrer"
      target="_blank"
    >
      Learn React
    </a>
    <div>
      <ul>
        <li>
          0
        </li>
        <li>
          1
        </li>
        <li>
          2
        </li>
        <li>
          3
        </li>
        <li>
          4
        </li>
        <li>
          5
        </li>
      </ul>
    </div>
  </header>
</div>
`;
